E2E error AggregateError [ECONNREFUSED]: 
    at internalConnectMultiple (node:net:1339:18)
    at afterConnectMultiple (node:net:1942:7) {
  code: 'ECONNREFUSED',
  [errors]: [
    Error: connect ECONNREFUSED ::1:4003
        at createConnectionError (node:net:1905:14)
        at afterConnectMultiple (node:net:1935:16) {
      errno: -4078,
      code: 'ECONNREFUSED',
      syscall: 'connect',
      address: '::1',
      port: 4003
    },
    Error: connect ECONNREFUSED 127.0.0.1:4003
        at createConnectionError (node:net:1905:14)
        at afterConnectMultiple (node:net:1935:16) {
      errno: -4078,
      code: 'ECONNREFUSED',
      syscall: 'connect',
      address: '127.0.0.1',
      port: 4003
    }
  ]
}
